// Jest Snapshot v1, https://goo.gl/fbAQLP

exports[`SignIn snapshot 1`] = `
<View
  className="bg-[#f7f5f5] w-full h-full  justify-start items-center dark:bg-[#0a0a0a]"
>
  <Text
    className="mt-20 text-2xl"
    testID="page title"
  >
    LOGIN
  </Text>
  <View
    className="bg-[#d1d8de] mt-16 w-[75%] h-[40%] justify-start items-center rounded-[25]"
  >
    <TextInput
      className="mt-20"
      onChangeText={[Function]}
      placeholder="email"
      testID="email"
      value={null}
    />
    <TextInput
      onChangeText={[Function]}
      placeholder="password"
      testID="password"
      value={null}
    />
    <View
      className="mt-8 bg-yellow-500 rounded-[25] m-1 p-3  items-center justify-center"
      testID="login button"
    >
      <View
        accessibilityState={
          {
            "busy": undefined,
            "checked": undefined,
            "disabled": undefined,
            "expanded": undefined,
            "selected": undefined,
          }
        }
        accessibilityValue={
          {
            "max": undefined,
            "min": undefined,
            "now": undefined,
            "text": undefined,
          }
        }
        accessible={true}
        collapsable={false}
        focusable={true}
        onClick={[Function]}
        onResponderGrant={[Function]}
        onResponderMove={[Function]}
        onResponderRelease={[Function]}
        onResponderTerminate={[Function]}
        onResponderTerminationRequest={[Function]}
        onStartShouldSetResponder={[Function]}
        style={
          {
            "opacity": 1,
          }
        }
      >
        <Text
          className="text-center"
        >
          Login
        </Text>
      </View>
    </View>
  </View>
</View>
`;
